Init time:    2.450 seconds
Calc time:    0.000 seconds
Import time:  1.779 seconds
Total time:   4.317 seconds
