Found model file: /home/stoychev/faccts-git/orca-external-tools/aimnet2/src/aimnet2exttool/models/aimnet2_wb97m_0.jpt
Init time:    0.032 seconds
Calc time:    0.110 seconds
Import time:  0.910 seconds
Total time:   1.056 seconds
